
> frontend@0.1.0 build
> next build

node.exe : ΓÜá 
Warning: Next.js 
inferred your 
workspace root, but 
it may not be 
correct.
At line:1 char:1
+ & "C:\nvm4w\nodejs/
node.exe" "C:\nvm4w\n
odejs/node_modules/np
m/bin/np ...
+ ~~~~~~~~~~~~~~~~~~~
~~~~~~~~~~~~~~~~~~~~~
~~~~~~~~~~~~~~~~~~~~~
~~~~~~~~
    + CategoryInfo   
           : NotSpe  
  cified: (ΓÜá War   
 ning: Ne...not b    
e correct.:Strin    
g) [], RemoteExc    
eption
    + FullyQualified 
   ErrorId : Native  
  CommandError
 
 We detected 
multiple lockfiles 
and selected the 
directory of C:\Users
\deham\package-lock.j
son as the root 
directory.
 To silence this 
warning, set 
`turbopack.root` in 
your Next.js config, 
or consider removing 
one of the lockfiles 
if it's not needed.
   See https://nextjs
.org/docs/app/api-ref
erence/config/next-co
nfig-js/turbopack#roo
t-directory for more 
information.
 Detected additional 
lockfiles: 
   * C:\Users\deham\D
esktop\Corehead front
end\frontend\package-
lock.json

Γû▓ Next.js 16.1.6 (Turbopack)

  Creating an optimized production build ...
Γ£ô Compiled successfully in 8.9s
  Running TypeScript ...
Failed to compile.

./layout.tsx:1:21
Type error: Cannot 
find module '@/compon
ents/Sidebar' or its 
corresponding type 
declarations.

[0m[31m[1m>[22m[
39m[90m 1 |[39m 
[36mimport[39m 
[33mSidebar[39m 
[36mfrom[39m [32m"
@/components/Sidebar"
[39m[33m;[39m
 [90m   |[39m      
               
[31m[1m^[22m[39m
 [90m 2 |[39m
 [90m 3 |[39m 
[36mexport[39m 
[36mdefault[39m 
[36mfunction[39m [
33mAdminLayout[39m({
 children 
}[33m:[39m { 
children[33m:[39m 
[33mReact[39m[33m.
[39m[33mReactNode[3
9m }) {
 [90m 4 |[39m   
[36mreturn[39m 
([0m
Next.js build worker 
exited with code: 1 
and signal: null
